// Jest Snapshot v1, https://goo.gl/fbAQLP

exports[`Assignment - SuperTunes - App Component Sort by Rating works as expected 1`] = `"<div id=\\"super-tunes\\"><h2 id=\\"st-title\\">SuperTunes - Songs of the Week</h2><button class=\\"st-btn\\">Sort By Title</button><button class=\\"st-btn\\">Sort By Rating</button><div id=\\"song-list\\"><div class=\\"song-card\\"><img src=\\"https://i.scdn.co/image/f4f02683810ea9cd03330b0db8ab6a530444740b\\" alt=\\"Carnaval Chegando\\" class=\\"st-thumb\\"><div class=\\"song-title\\">Carnaval Chegando by Rennan Da Penha</div><div class=\\"rating\\"><div class=\\"star\\"></div><div class=\\"star\\"></div><div class=\\"star\\"></div><div class=\\"star\\"></div><div class=\\"star\\"></div></div></div><div class=\\"song-card\\"><img src=\\"https://i.scdn.co/image/ab67616d00004851aea0d98794e91056c608e069\\" alt=\\"Moral of the Story\\" class=\\"st-thumb\\"><div class=\\"song-title\\">Moral of the Story by Ashe</div><div class=\\"rating\\"><div class=\\"star\\"></div><div class=\\"star\\"></div><div class=\\"star\\"></div><div class=\\"star\\"></div><div class=\\"star\\"></div></div></div><div class=\\"song-card\\"><img src=\\"https://i.scdn.co/image/445de0881dd3694a836dcb0d9882f45a4b3bacb1\\" alt=\\"Any Song\\" class=\\"st-thumb\\"><div class=\\"song-title\\">Any Song by Zico</div><div class=\\"rating\\"><div class=\\"star\\"></div><div class=\\"star\\"></div><div class=\\"star\\"></div><div class=\\"star\\"></div></div></div><div class=\\"song-card\\"><img src=\\"https://i.scdn.co/image/ab67616d00004851626c524e10b50daae74879f9\\" alt=\\"Apollo\\" class=\\"st-thumb\\"><div class=\\"song-title\\">Apollo by Smoove'L</div><div class=\\"rating\\"><div class=\\"star\\"></div><div class=\\"star\\"></div><div class=\\"star\\"></div><div class=\\"star\\"></div></div></div><div class=\\"song-card\\"><img src=\\"https://i.scdn.co/image/ab67616d0000485133dcbaf383aad23af9a4b7b5\\" alt=\\"Vibe\\" class=\\"st-thumb\\"><div class=\\"song-title\\">Vibe by Cookiee Kawaii</div><div class=\\"rating\\"><div class=\\"star\\"></div><div class=\\"star\\"></div><div class=\\"star\\"></div><div class=\\"star\\"></div></div></div><div class=\\"song-card\\"><img src=\\"https://i.scdn.co/image/ab67616d0000485105c50cf7a461aa654fe9b15a\\" alt=\\"WHATS POPPIN\\" class=\\"st-thumb\\"><div class=\\"song-title\\">WHATS POPPIN by Jack Harlow</div><div class=\\"rating\\"><div class=\\"star\\"></div><div class=\\"star\\"></div><div class=\\"star\\"></div><div class=\\"star\\"></div></div></div><div class=\\"song-card\\"><img src=\\"https://i.scdn.co/image/ab67616d000048517e4135635fa0e393b31dc407\\" alt=\\"death bed (feat. beabadoobee)\\" class=\\"st-thumb\\"><div class=\\"song-title\\">death bed (feat. beabadoobee) by Powfu</div><div class=\\"rating\\"><div class=\\"star\\"></div><div class=\\"star\\"></div><div class=\\"star\\"></div></div></div><div class=\\"song-card\\"><img src=\\"https://i.scdn.co/image/a9284cea0242cedb2fdf9de7711e8041f1b0f484\\" alt=\\"Psycho!\\" class=\\"st-thumb\\"><div class=\\"song-title\\">Psycho! by MASE</div><div class=\\"rating\\"><div class=\\"star\\"></div><div class=\\"star\\"></div><div class=\\"star\\"></div></div></div><div class=\\"song-card\\"><img src=\\"https://i.scdn.co/image/d506fd8f64a0cf745912bb15fecc80a3c971ca9d\\" alt=\\"Pura Pura Lupa\\" class=\\"st-thumb\\"><div class=\\"song-title\\">Pura Pura Lupa by Mahen</div><div class=\\"rating\\"><div class=\\"star\\"></div><div class=\\"star\\"></div><div class=\\"star\\"></div></div></div><div class=\\"song-card\\"><img src=\\"https://i.scdn.co/image/9bb7e673f1d5605709f576ccfbdfd765d8b58c6a\\" alt=\\"My Truck\\" class=\\"st-thumb\\"><div class=\\"song-title\\">My Truck by Breland</div><div class=\\"rating\\"><div class=\\"star\\"></div><div class=\\"star\\"></div></div></div></div></div>"`;

exports[`Assignment - SuperTunes - App Component Sort by Title works as expected 1`] = `"<div id=\\"super-tunes\\"><h2 id=\\"st-title\\">SuperTunes - Songs of the Week</h2><button class=\\"st-btn\\">Sort By Title</button><button class=\\"st-btn\\">Sort By Rating</button><div id=\\"song-list\\"><div class=\\"song-card\\"><img src=\\"https://i.scdn.co/image/445de0881dd3694a836dcb0d9882f45a4b3bacb1\\" alt=\\"Any Song\\" class=\\"st-thumb\\"><div class=\\"song-title\\">Any Song by Zico</div><div class=\\"rating\\"><div class=\\"star\\"></div><div class=\\"star\\"></div><div class=\\"star\\"></div><div class=\\"star\\"></div></div></div><div class=\\"song-card\\"><img src=\\"https://i.scdn.co/image/ab67616d00004851626c524e10b50daae74879f9\\" alt=\\"Apollo\\" class=\\"st-thumb\\"><div class=\\"song-title\\">Apollo by Smoove'L</div><div class=\\"rating\\"><div class=\\"star\\"></div><div class=\\"star\\"></div><div class=\\"star\\"></div><div class=\\"star\\"></div></div></div><div class=\\"song-card\\"><img src=\\"https://i.scdn.co/image/f4f02683810ea9cd03330b0db8ab6a530444740b\\" alt=\\"Carnaval Chegando\\" class=\\"st-thumb\\"><div class=\\"song-title\\">Carnaval Chegando by Rennan Da Penha</div><div class=\\"rating\\"><div class=\\"star\\"></div><div class=\\"star\\"></div><div class=\\"star\\"></div><div class=\\"star\\"></div><div class=\\"star\\"></div></div></div><div class=\\"song-card\\"><img src=\\"https://i.scdn.co/image/ab67616d000048517e4135635fa0e393b31dc407\\" alt=\\"death bed (feat. beabadoobee)\\" class=\\"st-thumb\\"><div class=\\"song-title\\">death bed (feat. beabadoobee) by Powfu</div><div class=\\"rating\\"><div class=\\"star\\"></div><div class=\\"star\\"></div><div class=\\"star\\"></div></div></div><div class=\\"song-card\\"><img src=\\"https://i.scdn.co/image/ab67616d00004851aea0d98794e91056c608e069\\" alt=\\"Moral of the Story\\" class=\\"st-thumb\\"><div class=\\"song-title\\">Moral of the Story by Ashe</div><div class=\\"rating\\"><div class=\\"star\\"></div><div class=\\"star\\"></div><div class=\\"star\\"></div><div class=\\"star\\"></div><div class=\\"star\\"></div></div></div><div class=\\"song-card\\"><img src=\\"https://i.scdn.co/image/9bb7e673f1d5605709f576ccfbdfd765d8b58c6a\\" alt=\\"My Truck\\" class=\\"st-thumb\\"><div class=\\"song-title\\">My Truck by Breland</div><div class=\\"rating\\"><div class=\\"star\\"></div><div class=\\"star\\"></div></div></div><div class=\\"song-card\\"><img src=\\"https://i.scdn.co/image/a9284cea0242cedb2fdf9de7711e8041f1b0f484\\" alt=\\"Psycho!\\" class=\\"st-thumb\\"><div class=\\"song-title\\">Psycho! by MASE</div><div class=\\"rating\\"><div class=\\"star\\"></div><div class=\\"star\\"></div><div class=\\"star\\"></div></div></div><div class=\\"song-card\\"><img src=\\"https://i.scdn.co/image/d506fd8f64a0cf745912bb15fecc80a3c971ca9d\\" alt=\\"Pura Pura Lupa\\" class=\\"st-thumb\\"><div class=\\"song-title\\">Pura Pura Lupa by Mahen</div><div class=\\"rating\\"><div class=\\"star\\"></div><div class=\\"star\\"></div><div class=\\"star\\"></div></div></div><div class=\\"song-card\\"><img src=\\"https://i.scdn.co/image/ab67616d0000485133dcbaf383aad23af9a4b7b5\\" alt=\\"Vibe\\" class=\\"st-thumb\\"><div class=\\"song-title\\">Vibe by Cookiee Kawaii</div><div class=\\"rating\\"><div class=\\"star\\"></div><div class=\\"star\\"></div><div class=\\"star\\"></div><div class=\\"star\\"></div></div></div><div class=\\"song-card\\"><img src=\\"https://i.scdn.co/image/ab67616d0000485105c50cf7a461aa654fe9b15a\\" alt=\\"WHATS POPPIN\\" class=\\"st-thumb\\"><div class=\\"song-title\\">WHATS POPPIN by Jack Harlow</div><div class=\\"rating\\"><div class=\\"star\\"></div><div class=\\"star\\"></div><div class=\\"star\\"></div><div class=\\"star\\"></div></div></div></div></div>"`;

exports[`Assignment - SuperTunes - App Component The app renders perfectly! 1`] = `"<div id=\\"super-tunes\\"><h2 id=\\"st-title\\">SuperTunes - Songs of the Week</h2><button class=\\"st-btn\\">Sort By Title</button><button class=\\"st-btn\\">Sort By Rating</button><div id=\\"song-list\\"><div class=\\"song-card\\"><img src=\\"https://i.scdn.co/image/ab67616d0000485133dcbaf383aad23af9a4b7b5\\" alt=\\"Vibe\\" class=\\"st-thumb\\"><div class=\\"song-title\\">Vibe by Cookiee Kawaii</div><div class=\\"rating\\"><div class=\\"star\\"></div><div class=\\"star\\"></div><div class=\\"star\\"></div><div class=\\"star\\"></div></div></div><div class=\\"song-card\\"><img src=\\"https://i.scdn.co/image/ab67616d000048517e4135635fa0e393b31dc407\\" alt=\\"death bed (feat. beabadoobee)\\" class=\\"st-thumb\\"><div class=\\"song-title\\">death bed (feat. beabadoobee) by Powfu</div><div class=\\"rating\\"><div class=\\"star\\"></div><div class=\\"star\\"></div><div class=\\"star\\"></div></div></div><div class=\\"song-card\\"><img src=\\"https://i.scdn.co/image/ab67616d00004851aea0d98794e91056c608e069\\" alt=\\"Moral of the Story\\" class=\\"st-thumb\\"><div class=\\"song-title\\">Moral of the Story by Ashe</div><div class=\\"rating\\"><div class=\\"star\\"></div><div class=\\"star\\"></div><div class=\\"star\\"></div><div class=\\"star\\"></div><div class=\\"star\\"></div></div></div><div class=\\"song-card\\"><img src=\\"https://i.scdn.co/image/9bb7e673f1d5605709f576ccfbdfd765d8b58c6a\\" alt=\\"My Truck\\" class=\\"st-thumb\\"><div class=\\"song-title\\">My Truck by Breland</div><div class=\\"rating\\"><div class=\\"star\\"></div><div class=\\"star\\"></div></div></div><div class=\\"song-card\\"><img src=\\"https://i.scdn.co/image/d506fd8f64a0cf745912bb15fecc80a3c971ca9d\\" alt=\\"Pura Pura Lupa\\" class=\\"st-thumb\\"><div class=\\"song-title\\">Pura Pura Lupa by Mahen</div><div class=\\"rating\\"><div class=\\"star\\"></div><div class=\\"star\\"></div><div class=\\"star\\"></div></div></div><div class=\\"song-card\\"><img src=\\"https://i.scdn.co/image/ab67616d0000485105c50cf7a461aa654fe9b15a\\" alt=\\"WHATS POPPIN\\" class=\\"st-thumb\\"><div class=\\"song-title\\">WHATS POPPIN by Jack Harlow</div><div class=\\"rating\\"><div class=\\"star\\"></div><div class=\\"star\\"></div><div class=\\"star\\"></div><div class=\\"star\\"></div></div></div><div class=\\"song-card\\"><img src=\\"https://i.scdn.co/image/ab67616d00004851626c524e10b50daae74879f9\\" alt=\\"Apollo\\" class=\\"st-thumb\\"><div class=\\"song-title\\">Apollo by Smoove'L</div><div class=\\"rating\\"><div class=\\"star\\"></div><div class=\\"star\\"></div><div class=\\"star\\"></div><div class=\\"star\\"></div></div></div><div class=\\"song-card\\"><img src=\\"https://i.scdn.co/image/f4f02683810ea9cd03330b0db8ab6a530444740b\\" alt=\\"Carnaval Chegando\\" class=\\"st-thumb\\"><div class=\\"song-title\\">Carnaval Chegando by Rennan Da Penha</div><div class=\\"rating\\"><div class=\\"star\\"></div><div class=\\"star\\"></div><div class=\\"star\\"></div><div class=\\"star\\"></div><div class=\\"star\\"></div></div></div><div class=\\"song-card\\"><img src=\\"https://i.scdn.co/image/a9284cea0242cedb2fdf9de7711e8041f1b0f484\\" alt=\\"Psycho!\\" class=\\"st-thumb\\"><div class=\\"song-title\\">Psycho! by MASE</div><div class=\\"rating\\"><div class=\\"star\\"></div><div class=\\"star\\"></div><div class=\\"star\\"></div></div></div><div class=\\"song-card\\"><img src=\\"https://i.scdn.co/image/445de0881dd3694a836dcb0d9882f45a4b3bacb1\\" alt=\\"Any Song\\" class=\\"st-thumb\\"><div class=\\"song-title\\">Any Song by Zico</div><div class=\\"rating\\"><div class=\\"star\\"></div><div class=\\"star\\"></div><div class=\\"star\\"></div><div class=\\"star\\"></div></div></div></div></div>"`;
